// Jest Snapshot v1, https://jestjs.io/docs/snapshot-testing

exports[`Prueba en componente <FirstApp>  Debe hacer match con el snapshot 1`] = `
<div>
  <h1
    data-testid="test-title"
  >
     
    Hola, soy Goku
     
  </h1>
  <p>
    No hay subtitulo
  </p>
  <p>
    No hay subtitulo
  </p>
  <p>
    Pela
  </p>
</div>
`;
